###############################################################################
#                                                                             #
# IAR ELF Linker V6.30.1.53127/W32 for ARM              22/Dec/2013  00:56:39 #
# Copyright 2007-2011 IAR Systems AB.                                         #
#                                                                             #
#    Output file  =  C:\Users\Administrator\Desktop\杨向军的K60模板_只有基本I #
#                    O操作\build\gpio_demo\RAM\Exe\gpio_demo.out              #
#    Map file     =  C:\Users\Administrator\Desktop\杨向军的K60模板_只有基本I #
#                    O操作\build\gpio_demo\RAM\List\gpio_demo.map             #
#    Command line =  C:\Users\Administrator\Desktop\杨向军的K60模板_只有基本I #
#                    O操作\build\gpio_demo\RAM\Obj\LED.o                      #
#                    C:\Users\Administrator\Desktop\杨向军的K60模板_只有基本I #
#                    O操作\build\gpio_demo\RAM\Obj\MMA845x.o                  #
#                    C:\Users\Administrator\Desktop\杨向军的K60模板_只有基本I #
#                    O操作\build\gpio_demo\RAM\Obj\arm_cm4.o                  #
#                    C:\Users\Administrator\Desktop\杨向军的K60模板_只有基本I #
#                    O操作\build\gpio_demo\RAM\Obj\assert.o                   #
#                    C:\Users\Administrator\Desktop\杨向军的K60模板_只有基本I #
#                    O操作\build\gpio_demo\RAM\Obj\crt0.o                     #
#                    C:\Users\Administrator\Desktop\杨向军的K60模板_只有基本I #
#                    O操作\build\gpio_demo\RAM\Obj\fun.o                      #
#                    C:\Users\Administrator\Desktop\杨向军的K60模板_只有基本I #
#                    O操作\build\gpio_demo\RAM\Obj\global.o                   #
#                    C:\Users\Administrator\Desktop\杨向军的K60模板_只有基本I #
#                    O操作\build\gpio_demo\RAM\Obj\gpio.o                     #
#                    C:\Users\Administrator\Desktop\杨向军的K60模板_只有基本I #
#                    O操作\build\gpio_demo\RAM\Obj\i2c.o                      #
#                    C:\Users\Administrator\Desktop\杨向军的K60模板_只有基本I #
#                    O操作\build\gpio_demo\RAM\Obj\isr.o                      #
#                    C:\Users\Administrator\Desktop\杨向军的K60模板_只有基本I #
#                    O操作\build\gpio_demo\RAM\Obj\lptmr.o                    #
#                    C:\Users\Administrator\Desktop\杨向军的K60模板_只有基本I #
#                    O操作\build\gpio_demo\RAM\Obj\main.o                     #
#                    C:\Users\Administrator\Desktop\杨向军的K60模板_只有基本I #
#                    O操作\build\gpio_demo\RAM\Obj\mcg.o                      #
#                    C:\Users\Administrator\Desktop\杨向军的K60模板_只有基本I #
#                    O操作\build\gpio_demo\RAM\Obj\start.o                    #
#                    C:\Users\Administrator\Desktop\杨向军的K60模板_只有基本I #
#                    O操作\build\gpio_demo\RAM\Obj\startup.o                  #
#                    C:\Users\Administrator\Desktop\杨向军的K60模板_只有基本I #
#                    O操作\build\gpio_demo\RAM\Obj\sysinit.o                  #
#                    C:\Users\Administrator\Desktop\杨向军的K60模板_只有基本I #
#                    O操作\build\gpio_demo\RAM\Obj\uart.o                     #
#                    C:\Users\Administrator\Desktop\杨向军的K60模板_只有基本I #
#                    O操作\build\gpio_demo\RAM\Obj\vectors.o                  #
#                    C:\Users\Administrator\Desktop\杨向军的K60模板_只有基本I #
#                    O操作\build\gpio_demo\RAM\Obj\wdog.o -o                  #
#                    C:\Users\Administrator\Desktop\杨向军的K60模板_只有基本I #
#                    O操作\build\gpio_demo\RAM\Exe\gpio_demo.out --map        #
#                    C:\Users\Administrator\Desktop\杨向军的K60模板_只有基本I #
#                    O操作\build\gpio_demo\RAM\List\gpio_demo.map --config    #
#                    C:\Users\Administrator\Desktop\杨向军的K60模板_只有基本I #
#                    O操作\build\gpio_demo\..\..\Project_Settings\Link\Ram.ic #
#                    f --semihosting --entry __iar_program_start --vfe        #
#                                                                             #
#                                                                             #
###############################################################################

*******************************************************************************
*** RUNTIME MODEL ATTRIBUTES
***

CppFlavor       = *
__SystemLibrary = DLib


*******************************************************************************
*** PLACEMENT SUMMARY
***

"A1":  place at 0x1fff0000 { ro section .intvec };
"A2":  place at 0x1fff0410 { ro section .noinit };
"P1":  place in [from 0x1fff0000 to 0x20010000] { ro, block CodeRelocate };
"P2":  place in [from 0x1fff0000 to 0x20010000] {
          rw, block CodeRelocateRam, block CSTACK, block HEAP };

  Section              Kind        Address    Size  Object
  -------              ----        -------    ----  ------
"A1":                                        0x410
  .intvec              const    0x1fff0000   0x410  vectors.o [1]
                              - 0x1fff0410   0x410

"A2":                                         0x3c
  .noinit              ro code  0x1fff0410    0x3c  crt0.o [1]
                              - 0x1fff044c    0x3c

"P1":                                       0x3024
  .text                ro code  0x1fff044c   0xd1e  xprintffull_nomb.o [3]
  .text                ro code  0x1fff116a    0x22  zero_init3.o [5]
  .text                ro code  0x1fff118c    0x16  strchr.o [5]
  .text                ro code  0x1fff11a2     0xa  xsprout.o [3]
  .text                ro code  0x1fff11ac    0x36  strlen.o [5]
  .text                ro code  0x1fff11e4    0x58  memchr.o [5]
  .text                ro code  0x1fff123c    0xee  I64DivMod.o [5]
  .text                ro code  0x1fff132c    0x76  ABImemcpy.o [5]
  .text                ro code  0x1fff13a2    0x44  xdnorm.o [4]
  .text                ro code  0x1fff13e8    0x2e  DblCmpLe.o [4]
  .text                ro code  0x1fff1418    0x2e  DblCmpGe.o [4]
  .text                ro code  0x1fff1448   0x11a  xdscale.o [4]
  .text                ro code  0x1fff1564    0x58  DblToI32.o [4]
  .text                ro code  0x1fff15bc    0x30  I32ToDbl.o [4]
  .text                ro code  0x1fff15ec   0x180  DblSub.o [4]
  .text                ro code  0x1fff176c   0x1a2  DblMul.o [4]
  .text                ro code  0x1fff1910   0x246  DblDiv.o [4]
  .text                ro code  0x1fff1b56     0xe  div.o [3]
  .text                ro code  0x1fff1b64     0x2  I64DivZer.o [5]
  .text                ro code  0x1fff1b68    0xd4  DblAdd.o [4]
  .text                ro code  0x1fff1c3c   0x328  i2c.o [1]
  .text                ro code  0x1fff1f64   0x2f8  MMA845x.o [1]
  .text                ro code  0x1fff225c    0x3c  fun.o [1]
  .text                ro code  0x1fff2298   0x250  uart.o [1]
  .text                ro code  0x1fff24e8    0x2c  vsprintf.o [3]
  .text                ro code  0x1fff2514   0x2ec  mcg.o [1]
  .text                ro code  0x1fff2800   0x1d0  start.o [1]
  .text                ro code  0x1fff29d0    0x38  wdog.o [1]
  .text                ro code  0x1fff2a08    0x9c  startup.o [1]
  .text                ro code  0x1fff2aa4    0x5c  sysinit.o [1]
  .text                ro code  0x1fff2b00    0xdc  main.o [1]
  .text                ro code  0x1fff2bdc    0xb8  arm_cm4.o [1]
  .text                ro code  0x1fff2c94    0xc4  gpio.o [1]
  .text                ro code  0x1fff2d58    0x80  assert.o [1]
  .text                ro code  0x1fff2dd8    0x34  LED.o [1]
  .rodata              const    0x1fff2e0c    0x58  gpio.o [1]
  .data_init                    0x1fff2e64    0x50  <Block>
    Initializer bytes  ro data  0x1fff2e64    0x50  <for .data-1>
  CodeRelocate                  0x1fff2eb4    0x4c  <Block>
    Initializer bytes  ro data  0x1fff2eb4    0x4c  <for CodeRelocateRam-1>
  .rodata              const    0x1fff2f00    0x40  assert.o [1]
  .rodata              const    0x1fff2f40    0x40  main.o [1]
  .rodata              const    0x1fff2f80    0x3c  start.o [1]
  .rodata              const    0x1fff2fbc    0x3c  start.o [1]
  .rodata              const    0x1fff2ff8    0x38  arm_cm4.o [1]
  .rodata              const    0x1fff3030    0x38  start.o [1]
  .rodata              const    0x1fff3068    0x38  start.o [1]
  .rodata              const    0x1fff30a0    0x30  start.o [1]
  .rodata              const    0x1fff30d0    0x30  start.o [1]
  .rodata              const    0x1fff3100    0x30  start.o [1]
  .rodata              const    0x1fff3130    0x30  start.o [1]
  .rodata              const    0x1fff3160    0x30  start.o [1]
  .rodata              const    0x1fff3190    0x30  start.o [1]
  .rodata              const    0x1fff31c0    0x30  start.o [1]
  .rodata              const    0x1fff31f0    0x30  start.o [1]
  .rodata              const    0x1fff3220    0x30  start.o [1]
  .rodata              const    0x1fff3250    0x30  start.o [1]
  .rodata              const    0x1fff3280    0x30  start.o [1]
  .rodata              const    0x1fff32b0    0x30  start.o [1]
  .rodata              const    0x1fff32e0    0x30  vectors.o [1]
  .text                ro code  0x1fff3310    0x2c  data_init3.o [5]
  .iar.init_table      const    0x1fff333c    0x10  - Linker created -
  .rodata              const    0x1fff334c    0x20  start.o [1]
  .rodata              const    0x1fff336c    0x1c  main.o [1]
  .text                ro code  0x1fff3388    0x18  vectors.o [1]
  .text                ro code  0x1fff33a0    0x16  cmain.o [5]
  .text                ro code  0x1fff33b6     0x4  low_level_init.o [3]
  .text                ro code  0x1fff33ba     0x4  exit.o [3]
  .text                ro code  0x1fff33c0     0xa  cexit.o [5]
  .text                ro code  0x1fff33cc    0x14  exit.o [6]
  .rodata              const    0x1fff33e0    0x14  MMA845x.o [1]
  .rodata              const    0x1fff33f4    0x10  MMA845x.o [1]
  .rodata              const    0x1fff3404    0x10  start.o [1]
  .rodata              const    0x1fff3414    0x10  start.o [1]
  .rodata              const    0x1fff3424    0x10  start.o [1]
  .rodata              const    0x1fff3434     0xc  main.o [1]
  .rodata              const    0x1fff3440     0xc  main.o [1]
  .rodata              const    0x1fff344c     0xc  start.o [1]
  .rodata              const    0x1fff3458     0xc  start.o [1]
  .text                ro code  0x1fff3464     0xc  cstartup_M.o [5]
  .rodata              const    0x1fff3470     0x0  bwt_init3c.o [5]
                              - 0x1fff3470  0x3024

"P2", part 1 of 2:                            0x9c
  .data                         0x1fff3470    0x50  <Block>
    .data-1                     0x1fff3470    0x50  <Init block>
      .data            inited   0x1fff3470    0x14  gpio.o [1]
      .data            inited   0x1fff3484    0x14  gpio.o [1]
      .data            inited   0x1fff3498     0x8  i2c.o [1]
      .data            inited   0x1fff34a0     0x8  mcg.o [1]
      .data            inited   0x1fff34a8    0x18  uart.o [1]
  CodeRelocateRam               0x1fff34c0    0x4c  <Block>
    CodeRelocateRam-1           0x1fff34c0    0x4c  <Init block>
      .textrw          inited   0x1fff34c0    0x4c  mcg.o [1]
                              - 0x1fff350c    0x9c

"P2", part 2 of 2:                             0xc
  .bss                          0x1fff350c     0xc  <Block>
    .bss               zero     0x1fff350c     0x4  sysinit.o [1]
    .bss               zero     0x1fff3510     0x4  sysinit.o [1]
    .bss               zero     0x1fff3514     0x4  sysinit.o [1]
                              - 0x1fff3518     0xc


*******************************************************************************
*** INIT TABLE
***

          Address     Size
          -------     ----
Zero (__iar_zero_init3)
    1 destination range, total size 0xc:
          0x1fff350c   0xc



*******************************************************************************
*** MODULE SUMMARY
***

    Module              ro code  rw code  ro data  rw data
    ------              -------  -------  -------  -------
C:\Users\Administrator\Desktop\杨向军的K60模板_只有基本IO操作\build\gpio_demo\RAM\Obj: [1]
    LED.o                    52
    MMA845x.o               760                36
    arm_cm4.o               184                56
    assert.o                128                64
    crt0.o                   60
    fun.o                    60
    gpio.o                  196               128       40
    i2c.o                   808                 8        8
    main.o                  220               116
    mcg.o                   748       76       84        8
    start.o                 464               912
    startup.o               156
    sysinit.o                92                         12
    uart.o                  592                24       24
    vectors.o                24             1 088
    wdog.o                   56
    ------------------------------------------------------
    Total:                4 600       76    2 516       92

command line: [2]
    ------------------------------------------------------
    Total:

dl7M_tln.a: [3]
    div.o                    14
    exit.o                    4
    low_level_init.o          4
    vsprintf.o               44
    xprintffull_nomb.o    3 358
    xsprout.o                10
    ------------------------------------------------------
    Total:                3 434

m7M_tl.a: [4]
    DblAdd.o                212
    DblCmpGe.o               46
    DblCmpLe.o               46
    DblDiv.o                582
    DblMul.o                418
    DblSub.o                384
    DblToI32.o               88
    I32ToDbl.o               48
    xdnorm.o                 68
    xdscale.o               282
    ------------------------------------------------------
    Total:                2 174

rt7M_tl.a: [5]
    ABImemcpy.o             118
    I64DivMod.o             238
    I64DivZer.o               2
    bwt_init3c.o
    cexit.o                  10
    cmain.o                  22
    cstartup_M.o             12
    data_init3.o             44
    memchr.o                 88
    strchr.o                 22
    strlen.o                 54
    zero_init3.o             34
    ------------------------------------------------------
    Total:                  644

shb_l.a: [6]
    exit.o                   20
    ------------------------------------------------------
    Total:                   20

    Gaps                     20
    Linker created                             16
----------------------------------------------------------
    Grand Total:         10 892       76    2 532       92


*******************************************************************************
*** ENTRY LIST
***

Entry                      Address   Size  Type      Object
-----                      -------   ----  ----      ------
.bss$$Base              0x1fff350c          --   Gb  - Linker created -
.bss$$Limit             0x1fff3518          --   Gb  - Linker created -
.data$$Base             0x1fff3470          --   Gb  - Linker created -
.data$$Limit            0x1fff34c0          --   Gb  - Linker created -
.data_init$$Base        0x1fff2e64          --   Gb  - Linker created -
.data_init$$Limit       0x1fff2eb4          --   Gb  - Linker created -
?main                   0x1fff33a1         Code  Gb  cmain.o [5]
CodeRelocate$$Base      0x1fff2eb4          --   Gb  - Linker created -
CodeRelocate$$Limit     0x1fff2f00          --   Gb  - Linker created -
CodeRelocateRam$$Base   0x1fff34c0          --   Gb  - Linker created -
CodeRelocateRam$$Limit  0x1fff350c          --   Gb  - Linker created -
GPIOx                   0x1fff3470   0x14  Data  Gb  gpio.o [1]
Get845xX_10bit          0x1fff2015   0x50  Code  Gb  MMA845x.o [1]
Get845xX_12bit          0x1fff2065   0x50  Code  Gb  MMA845x.o [1]
Get845xX_8bit           0x1fff1fe1   0x34  Code  Gb  MMA845x.o [1]
Get845xY_10bit          0x1fff20e9   0x50  Code  Gb  MMA845x.o [1]
Get845xY_12bit          0x1fff2139   0x50  Code  Gb  MMA845x.o [1]
Get845xY_8bit           0x1fff20b5   0x34  Code  Gb  MMA845x.o [1]
Get845xZ_10bit          0x1fff21bd   0x50  Code  Gb  MMA845x.o [1]
Get845xZ_12bit          0x1fff220d   0x50  Code  Gb  MMA845x.o [1]
Get845xZ_8bit           0x1fff2189   0x34  Code  Gb  MMA845x.o [1]
I2C_ReadAddr            0x1fff1d13  0x15e  Code  Gb  i2c.o [1]
I2C_StartTransmission   0x1fff1cbb   0x40  Code  Gb  i2c.o [1]
I2C_WriteAddr           0x1fff1e71   0xd0  Code  Gb  i2c.o [1]
I2C_init                0x1fff1c3d   0x7e  Code  Gb  i2c.o [1]
I2Cx                    0x1fff3498    0x8  Data  Gb  i2c.o [1]
LED_init                0x1fff2dd9   0x34  Code  Gb  LED.o [1]
MMA845x_Init            0x1fff1f65   0x74  Code  Gb  MMA845x.o [1]
PORTX                   0x1fff3484   0x14  Data  Gb  gpio.o [1]
Pause                   0x1fff1cfd   0x16  Code  Gb  i2c.o [1]
Region$$Table$$Base     0x1fff333c          --   Gb  - Linker created -
Region$$Table$$Limit    0x1fff334c          --   Gb  - Linker created -
Reset_Handler           0x1fff0411         Code  Gb  crt0.o [1]
UARTx                   0x1fff34a8   0x18  Data  Gb  uart.o [1]
_GenldFullNoMb          0x1fff0eb1  0x270  Code  Lc  xprintffull_nomb.o [3]
_LdtobFullNoMb          0x1fff0aa1  0x400  Code  Lc  xprintffull_nomb.o [3]
_LitobFullNoMb          0x1fff097b  0x126  Code  Lc  xprintffull_nomb.o [3]
_PrintfFullNoMb         0x1fff044d  0x52e  Code  Gb  xprintffull_nomb.o [3]
_PutcharsFullNoMb       0x1fff1121   0x2e  Code  Lc  xprintffull_nomb.o [3]
_SProut                 0x1fff11a3    0xa  Code  Gb  xsprout.o [3]
__BOOT_STACK_ADDRESS {Abs}
                        0x2000fff8          --   Gb  command line/config [2]
__VECTOR_RAM {Abs}      0x1fff0000          --   Gb  command line/config [2]
__VECTOR_TABLE {Abs}    0x1fff0000          --   Gb  command line/config [2]
__aeabi_cdcmple         0x1fff13e9         Code  Gb  DblCmpLe.o [4]
__aeabi_cdrcmple        0x1fff1419         Code  Gb  DblCmpGe.o [4]
__aeabi_d2iz            0x1fff1565         Code  Gb  DblToI32.o [4]
__aeabi_d2uiz           0x1fff1591         Code  Gb  DblToI32.o [4]
__aeabi_ddiv            0x1fff1911         Code  Gb  DblDiv.o [4]
__aeabi_dmul            0x1fff176d         Code  Gb  DblMul.o [4]
__aeabi_dsub            0x1fff15ed         Code  Gb  DblSub.o [4]
__aeabi_i2d             0x1fff15bd         Code  Gb  I32ToDbl.o [4]
__aeabi_ldiv0           0x1fff1b65         Code  Gb  I64DivZer.o [5]
__aeabi_memcpy          0x1fff132d         Code  Gb  ABImemcpy.o [5]
__aeabi_memcpy4         0x1fff134d         Code  Gb  ABImemcpy.o [5]
__aeabi_memcpy8         0x1fff134d         Code  Gb  ABImemcpy.o [5]
__aeabi_ui2d            0x1fff15d1         Code  Gb  I32ToDbl.o [4]
__aeabi_uldivmod        0x1fff123d         Code  Gb  I64DivMod.o [5]
__cmain                 0x1fff33a1         Code  Gb  cmain.o [5]
__exit                  0x1fff33cd   0x14  Code  Gb  exit.o [6]
__iar_Dnorm             0x1fff13a3   0x44  Code  Gb  xdnorm.o [4]
__iar_Dscale            0x1fff1449  0x106  Code  Gb  xdscale.o [4]
__iar_Memchr            0x1fff11e5         Code  Gb  memchr.o [5]
__iar_SB                0x1fff3470         Data  Gb  bwt_init3c.o [5]
__iar_Strchr            0x1fff118d         Code  Gb  strchr.o [5]
__iar_d2uiz             0x1fff159d         Code  Gb  DblToI32.o [4]
__iar_dadd              0x1fff1b69         Code  Gb  DblAdd.o [4]
__iar_data_init3        0x1fff3311   0x2c  Code  Gb  data_init3.o [5]
__iar_default_requirements$$_Printf<unknown>vsprintf {Abs}
                        0x00000000          --   Gb  vsprintf.o [3]
__iar_dsub              0x1fff1601         Code  Gb  DblSub.o [4]
__iar_dsubStart         0x1fff1613         Code  Gb  DblSub.o [4]
__iar_program_start     0x1fff3465         Code  Gb  cstartup_M.o [5]
__iar_provide$$_Printf<flags,floats,hex_floats,int_specials,long_longs,n_formatters,qualifiers,widths>_PrintfFullNoMb {Abs}
                        0x00000000          --   Gb  xprintffull_nomb.o [3]
__iar_ui2d              0x1fff15d5         Code  Gb  I32ToDbl.o [4]
__iar_zero_init3        0x1fff116b   0x22  Code  Gb  zero_init3.o [5]
__low_level_init        0x1fff33b7    0x4  Code  Gb  low_level_init.o [3]
__vector_table          0x1fff0000  0x410  Data  Gb  vectors.o [1]
_call_main              0x1fff33ad         Code  Gb  cmain.o [5]
_exit                   0x1fff33c1         Code  Gb  cexit.o [5]
_main                   0x1fff33b3         Code  Gb  cmain.o [5]
assert_failed           0x1fff2d59   0x76  Code  Gb  assert.o [1]
bus_clk_khz             0x1fff3514    0x4  Data  Gb  sysinit.o [1]
common_startup          0x1fff2a09   0x9c  Code  Gb  startup.o [1]
core_clk_khz            0x1fff350c    0x4  Data  Gb  sysinit.o [1]
core_clk_mhz            0x1fff3510    0x4  Data  Gb  sysinit.o [1]
default_isr             0x1fff3389   0x18  Code  Gb  vectors.o [1]
delayms                 0x1fff225d   0x1a  Code  Gb  fun.o [1]
delayus                 0x1fff2277   0x1a  Code  Gb  fun.o [1]
div                     0x1fff1b57    0xe  Code  Gb  div.o [3]
enable_irq              0x1fff2be3   0x92  Code  Gb  arm_cm4.o [1]
exit                    0x1fff33bb    0x4  Code  Gb  exit.o [3]
gpio_init               0x1fff2c95   0xb8  Code  Gb  gpio.o [1]
main                    0x1fff2b01   0xdc  Code  Gb  main.o [1]
mcg_div                 0x1fff34a0    0x8  Data  Gb  mcg.o [1]
memchr                  0x1fff11e5         Code  Gb  memchr.o [5]
pll_init                0x1fff2515  0x2ec  Code  Gb  mcg.o [1]
set_sys_dividers        0x1fff34c1   0x4c  Code  Gb  mcg.o [1]
start                   0x1fff2801  0x160  Code  Gb  start.o [1]
strchr                  0x1fff118d         Code  Gb  strchr.o [5]
strlen                  0x1fff11ad         Code  Gb  strlen.o [5]
sysinit                 0x1fff2aa5   0x48  Code  Gb  sysinit.o [1]
uart0Printf             0x1fff248f   0x1e  Code  Gb  uart.o [1]
uartPrintf              0x1fff2471   0x1e  Code  Gb  uart.o [1]
uartSendCh              0x1fff2431   0x24  Code  Gb  uart.o [1]
uartSendChar            0x1fff2417   0x1a  Code  Gb  uart.o [1]
uartSendString          0x1fff2455   0x1c  Code  Gb  uart.o [1]
uart_init               0x1fff2299  0x17e  Code  Gb  uart.o [1]
vsprintf                0x1fff24e9   0x2c  Code  Gb  vsprintf.o [3]
wdog_disable            0x1fff29d1   0x16  Code  Gb  wdog.o [1]
wdog_unlock             0x1fff29e9   0x16  Code  Gb  wdog.o [1]
write_vtor              0x1fff2bdd    0x6  Code  Gb  arm_cm4.o [1]


[1] = C:\Users\Administrator\Desktop\杨向军的K60模板_只有基本IO操作\build\gpio_demo\RAM\Obj
[2] = command line
[3] = dl7M_tln.a
[4] = m7M_tl.a
[5] = rt7M_tl.a
[6] = shb_l.a

  10 892 bytes of readonly  code memory
      76 bytes of readwrite code memory
   2 532 bytes of readonly  data memory
      92 bytes of readwrite data memory

Errors: none
Warnings: none
