###############################################################################
#                                                                             #
# IAR ELF Linker V6.30.1.53127/W32 for ARM              05/Apr/2012  05:05:25 #
# Copyright 2007-2011 IAR Systems AB.                                         #
#                                                                             #
#    Output file  =  D:\workspace\myworkspace\SW_K60\build\SX_demo\RAM\Exe\gp #
#                    io_demo.out                                              #
#    Map file     =  D:\workspace\myworkspace\SW_K60\build\SX_demo\RAM\List\g #
#                    pio_demo.map                                             #
#    Command line =  D:\workspace\myworkspace\SW_K60\build\SX_demo\RAM\Obj\DI #
#                    Pswitch.o D:\workspace\myworkspace\SW_K60\build\SX_demo\ #
#                    RAM\Obj\FTM.o D:\workspace\myworkspace\SW_K60\build\SX_d #
#                    emo\RAM\Obj\LED.o D:\workspace\myworkspace\SW_K60\build\ #
#                    SX_demo\RAM\Obj\PIT.o D:\workspace\myworkspace\SW_K60\bu #
#                    ild\SX_demo\RAM\Obj\arm_cm4.o                            #
#                    D:\workspace\myworkspace\SW_K60\build\SX_demo\RAM\Obj\as #
#                    sert.o D:\workspace\myworkspace\SW_K60\build\SX_demo\RAM #
#                    \Obj\ccd.o D:\workspace\myworkspace\SW_K60\build\SX_demo #
#                    \RAM\Obj\crt0.o D:\workspace\myworkspace\SW_K60\build\SX #
#                    _demo\RAM\Obj\dma.o D:\workspace\myworkspace\SW_K60\buil #
#                    d\SX_demo\RAM\Obj\fun.o D:\workspace\myworkspace\SW_K60\ #
#                    build\SX_demo\RAM\Obj\global.o                           #
#                    D:\workspace\myworkspace\SW_K60\build\SX_demo\RAM\Obj\gp #
#                    io.o D:\workspace\myworkspace\SW_K60\build\SX_demo\RAM\O #
#                    bj\isr.o D:\workspace\myworkspace\SW_K60\build\SX_demo\R #
#                    AM\Obj\lptmr.o D:\workspace\myworkspace\SW_K60\build\SX_ #
#                    demo\RAM\Obj\main.o D:\workspace\myworkspace\SW_K60\buil #
#                    d\SX_demo\RAM\Obj\mcg.o D:\workspace\myworkspace\SW_K60\ #
#                    build\SX_demo\RAM\Obj\motor.o                            #
#                    D:\workspace\myworkspace\SW_K60\build\SX_demo\RAM\Obj\st #
#                    art.o D:\workspace\myworkspace\SW_K60\build\SX_demo\RAM\ #
#                    Obj\startup.o D:\workspace\myworkspace\SW_K60\build\SX_d #
#                    emo\RAM\Obj\steer.o D:\workspace\myworkspace\SW_K60\buil #
#                    d\SX_demo\RAM\Obj\sysinit.o                              #
#                    D:\workspace\myworkspace\SW_K60\build\SX_demo\RAM\Obj\ua #
#                    rt.o D:\workspace\myworkspace\SW_K60\build\SX_demo\RAM\O #
#                    bj\vectors.o D:\workspace\myworkspace\SW_K60\build\SX_de #
#                    mo\RAM\Obj\wdog.o -o D:\workspace\myworkspace\SW_K60\bui #
#                    ld\SX_demo\RAM\Exe\gpio_demo.out --map                   #
#                    D:\workspace\myworkspace\SW_K60\build\SX_demo\RAM\List\g #
#                    pio_demo.map --config D:\workspace\myworkspace\SW_K60\bu #
#                    ild\SX_demo\..\..\Project_Settings\Link\Ram.icf          #
#                    --semihosting --entry __iar_program_start --vfe          #
#                                                                             #
#                                                                             #
###############################################################################

*******************************************************************************
*** RUNTIME MODEL ATTRIBUTES
***

CppFlavor       = *
__SystemLibrary = DLib


*******************************************************************************
*** PLACEMENT SUMMARY
***

"A1":  place at 0x1fff0000 { ro section .intvec };
"A2":  place at 0x1fff0410 { ro section .noinit };
"P1":  place in [from 0x1fff0000 to 0x20010000] { ro, block CodeRelocate };
"P2":  place in [from 0x1fff0000 to 0x20010000] {
          rw, block CodeRelocateRam, block CSTACK, block HEAP };

  Section              Kind        Address    Size  Object
  -------              ----        -------    ----  ------
"A1":                                        0x410
  .intvec              const    0x1fff0000   0x410  vectors.o [1]
                              - 0x1fff0410   0x410

"A2":                                         0x3c
  .noinit              ro code  0x1fff0410    0x3c  crt0.o [1]
                              - 0x1fff044c    0x3c

"P1":                                       0x412c
  .text                ro code  0x1fff044c   0xd1e  xprintffull_nomb.o [3]
  .text                ro code  0x1fff116a    0x22  zero_init3.o [5]
  .text                ro code  0x1fff118c    0x16  strchr.o [5]
  .text                ro code  0x1fff11a2     0xa  xsprout.o [3]
  .text                ro code  0x1fff11ac    0x36  strlen.o [5]
  .text                ro code  0x1fff11e4    0x58  memchr.o [5]
  .text                ro code  0x1fff123c    0xee  I64DivMod.o [5]
  .text                ro code  0x1fff132c    0x76  ABImemcpy.o [5]
  .text                ro code  0x1fff13a2    0x44  xdnorm.o [4]
  .text                ro code  0x1fff13e8    0x2e  DblCmpLe.o [4]
  .text                ro code  0x1fff1418    0x2e  DblCmpGe.o [4]
  .text                ro code  0x1fff1448   0x11a  xdscale.o [4]
  .text                ro code  0x1fff1564    0x58  DblToI32.o [4]
  .text                ro code  0x1fff15bc    0x30  I32ToDbl.o [4]
  .text                ro code  0x1fff15ec   0x180  DblSub.o [4]
  .text                ro code  0x1fff176c   0x1a2  DblMul.o [4]
  .text                ro code  0x1fff1910   0x246  DblDiv.o [4]
  .text                ro code  0x1fff1b56     0xe  div.o [3]
  .text                ro code  0x1fff1b64     0x2  I64DivZer.o [5]
  .text                ro code  0x1fff1b68    0xd4  DblAdd.o [4]
  .text                ro code  0x1fff1c3c   0x6d0  FTM.o [1]
  .text                ro code  0x1fff230c   0x108  assert.o [1]
  .text                ro code  0x1fff2414    0xb8  arm_cm4.o [1]
  .text                ro code  0x1fff24cc    0xb2  LED.o [1]
  .text                ro code  0x1fff2580   0x26c  uart.o [1]
  .text                ro code  0x1fff27ec    0xc4  gpio.o [1]
  .text                ro code  0x1fff28b0    0x44  fun.o [1]
  .text                ro code  0x1fff28f4    0x2c  vsprintf.o [3]
  .text                ro code  0x1fff2920   0x5f8  ccd.o [1]
  .text                ro code  0x1fff2f18   0x2ec  mcg.o [1]
  .text                ro code  0x1fff3204   0x208  main.o [1]
  .text                ro code  0x1fff340c   0x190  DIPswitch.o [1]
  .text                ro code  0x1fff359c    0x20  steer.o [1]
  .text                ro code  0x1fff35bc    0x82  motor.o [1]
  .text                ro code  0x1fff3640    0x74  PIT.o [1]
  .text                ro code  0x1fff36b4    0xe8  lptmr.o [1]
  .text                ro code  0x1fff379c     0x8  abs.o [3]
  .text                ro code  0x1fff37a4   0x1d0  start.o [1]
  .text                ro code  0x1fff3974    0x38  wdog.o [1]
  .text                ro code  0x1fff39ac    0x9c  startup.o [1]
  .text                ro code  0x1fff3a48    0x5c  sysinit.o [1]
  .text                ro code  0x1fff3aa4   0x19c  isr.o [1]
  .data_init                    0x1fff3c40    0x58  <Block>
    Initializer bytes  ro data  0x1fff3c40    0x58  <for .data-1>
  CodeRelocate                  0x1fff3c98    0x4c  <Block>
    Initializer bytes  ro data  0x1fff3c98    0x4c  <for CodeRelocateRam-1>
  .rodata              const    0x1fff3ce4    0x40  assert.o [1]
  .rodata              const    0x1fff3d24    0x3c  DIPswitch.o [1]
  .rodata              const    0x1fff3d60    0x3c  lptmr.o [1]
  .rodata              const    0x1fff3d9c    0x3c  motor.o [1]
  .rodata              const    0x1fff3dd8    0x3c  start.o [1]
  .rodata              const    0x1fff3e14    0x3c  start.o [1]
  .rodata              const    0x1fff3e50    0x38  FTM.o [1]
  .rodata              const    0x1fff3e88    0x38  arm_cm4.o [1]
  .rodata              const    0x1fff3ec0    0x38  gpio.o [1]
  .rodata              const    0x1fff3ef8    0x38  start.o [1]
  .rodata              const    0x1fff3f30    0x38  start.o [1]
  .rodata              const    0x1fff3f68    0x30  start.o [1]
  .rodata              const    0x1fff3f98    0x30  start.o [1]
  .rodata              const    0x1fff3fc8    0x30  start.o [1]
  .rodata              const    0x1fff3ff8    0x30  start.o [1]
  .rodata              const    0x1fff4028    0x30  start.o [1]
  .rodata              const    0x1fff4058    0x30  start.o [1]
  .rodata              const    0x1fff4088    0x30  start.o [1]
  .rodata              const    0x1fff40b8    0x30  start.o [1]
  .rodata              const    0x1fff40e8    0x30  start.o [1]
  .rodata              const    0x1fff4118    0x30  start.o [1]
  .rodata              const    0x1fff4148    0x30  start.o [1]
  .rodata              const    0x1fff4178    0x30  start.o [1]
  .rodata              const    0x1fff41a8    0x30  vectors.o [1]
  .rodata              const    0x1fff41d8    0x2c  assert.o [1]
  .text                ro code  0x1fff4204    0x2c  data_init3.o [5]
  .iar.init_table      const    0x1fff4230    0x10  - Linker created -
  .rodata              const    0x1fff4240    0x20  main.o [1]
  .rodata              const    0x1fff4260    0x20  main.o [1]
  .rodata              const    0x1fff4280    0x20  start.o [1]
  .rodata              const    0x1fff42a0    0x1c  main.o [1]
  .rodata              const    0x1fff42bc    0x1c  main.o [1]
  .rodata              const    0x1fff42d8    0x1c  main.o [1]
  .rodata              const    0x1fff42f4    0x18  DIPswitch.o [1]
  .rodata              const    0x1fff430c    0x18  motor.o [1]
  .rodata              const    0x1fff4324    0x18  motor.o [1]
  .text                ro code  0x1fff433c    0x18  vectors.o [1]
  .text                ro code  0x1fff4354    0x16  cmain.o [5]
  .text                ro code  0x1fff436a     0x4  low_level_init.o [3]
  .text                ro code  0x1fff436e     0x4  exit.o [3]
  .text                ro code  0x1fff4374     0xa  cexit.o [5]
  .text                ro code  0x1fff4380    0x14  exit.o [6]
  .rodata              const    0x1fff4394    0x14  DIPswitch.o [1]
  .rodata              const    0x1fff43a8    0x14  DIPswitch.o [1]
  .rodata              const    0x1fff43bc    0x14  DIPswitch.o [1]
  .rodata              const    0x1fff43d0    0x14  DIPswitch.o [1]
  .rodata              const    0x1fff43e4    0x14  DIPswitch.o [1]
  .rodata              const    0x1fff43f8    0x14  DIPswitch.o [1]
  .rodata              const    0x1fff440c    0x14  DIPswitch.o [1]
  .rodata              const    0x1fff4420    0x14  DIPswitch.o [1]
  .rodata              const    0x1fff4434    0x14  DIPswitch.o [1]
  .rodata              const    0x1fff4448    0x14  DIPswitch.o [1]
  .rodata              const    0x1fff445c    0x14  DIPswitch.o [1]
  .rodata              const    0x1fff4470    0x14  DIPswitch.o [1]
  .rodata              const    0x1fff4484    0x14  DIPswitch.o [1]
  .rodata              const    0x1fff4498    0x14  DIPswitch.o [1]
  .rodata              const    0x1fff44ac    0x14  DIPswitch.o [1]
  .rodata              const    0x1fff44c0    0x14  DIPswitch.o [1]
  .rodata              const    0x1fff44d4    0x14  main.o [1]
  .rodata              const    0x1fff44e8    0x10  FTM.o [1]
  .rodata              const    0x1fff44f8    0x10  FTM.o [1]
  .rodata              const    0x1fff4508    0x10  assert.o [1]
  .rodata              const    0x1fff4518    0x10  start.o [1]
  .rodata              const    0x1fff4528    0x10  start.o [1]
  .rodata              const    0x1fff4538    0x10  start.o [1]
  .rodata              const    0x1fff4548     0xc  isr.o [1]
  .rodata              const    0x1fff4554     0xc  start.o [1]
  .rodata              const    0x1fff4560     0xc  start.o [1]
  .text                ro code  0x1fff456c     0xc  cstartup_M.o [5]
  .rodata              const    0x1fff4578     0x0  bwt_init3c.o [5]
                              - 0x1fff4578  0x412c

"P2", part 1 of 2:                            0xa4
  .data                         0x1fff4578    0x58  <Block>
    .data-1                     0x1fff4578    0x58  <Init block>
      .data            inited   0x1fff4578     0xc  FTM.o [1]
      .data            inited   0x1fff4584     0x4  global.o [1]
      .data            inited   0x1fff4588    0x14  gpio.o [1]
      .data            inited   0x1fff459c    0x14  gpio.o [1]
      .data            inited   0x1fff45b0     0x8  mcg.o [1]
      .data            inited   0x1fff45b8    0x18  uart.o [1]
  CodeRelocateRam               0x1fff45d0    0x4c  <Block>
    CodeRelocateRam-1           0x1fff45d0    0x4c  <Init block>
      .textrw          inited   0x1fff45d0    0x4c  mcg.o [1]
                              - 0x1fff461c    0xa4

"P2", part 2 of 2:                          0x50c6
  .bss                          0x1fff461c  0x50c6  <Block>
    .bss               zero     0x1fff461c     0x4  global.o [1]
    .bss               zero     0x1fff4620  0x4b00  global.o [1]
    .bss               zero     0x1fff9120     0x4  global.o [1]
    .bss               zero     0x1fff9124   0x1e0  global.o [1]
    .bss               zero     0x1fff9304   0x1e0  global.o [1]
    .bss               zero     0x1fff94e4   0x1e0  global.o [1]
    .bss               zero     0x1fff96c4     0x4  isr.o [1]
    .bss               zero     0x1fff96c8     0x4  isr.o [1]
    .bss               zero     0x1fff96cc     0x4  isr.o [1]
    .bss               zero     0x1fff96d0     0x4  isr.o [1]
    .bss               zero     0x1fff96d4     0x4  sysinit.o [1]
    .bss               zero     0x1fff96d8     0x4  sysinit.o [1]
    .bss               zero     0x1fff96dc     0x4  sysinit.o [1]
    .bss               zero     0x1fff96e0     0x1  global.o [1]
    .bss               zero     0x1fff96e1     0x1  isr.o [1]
                              - 0x1fff96e2  0x50c6


*******************************************************************************
*** INIT TABLE
***

          Address     Size
          -------     ----
Zero (__iar_zero_init3)
    1 destination range, total size 0x50c6:
          0x1fff461c  0x50c6



*******************************************************************************
*** MODULE SUMMARY
***

    Module              ro code  rw code  ro data  rw data
    ------              -------  -------  -------  -------
D:\workspace\myworkspace\SW_K60\build\SX_demo\RAM\Obj: [1]
    DIPswitch.o             400               404
    FTM.o                 1 744               100       12
    LED.o                   178
    PIT.o                   116
    arm_cm4.o               184                56
    assert.o                264               124
    ccd.o                 1 528
    crt0.o                   60
    fun.o                    68
    global.o                                    4   20 653
    gpio.o                  196                96       40
    isr.o                   412                12       17
    lptmr.o                 232                60
    main.o                  520               168
    mcg.o                   748       76       84        8
    motor.o                 130               108
    start.o                 464               912
    startup.o               156
    steer.o                  32
    sysinit.o                92                         12
    uart.o                  620                24       24
    vectors.o                24             1 088
    wdog.o                   56
    ------------------------------------------------------
    Total:                8 224       76    3 240   20 766

command line: [2]
    ------------------------------------------------------
    Total:

dl7M_tln.a: [3]
    abs.o                     8
    div.o                    14
    exit.o                    4
    low_level_init.o          4
    vsprintf.o               44
    xprintffull_nomb.o    3 358
    xsprout.o                10
    ------------------------------------------------------
    Total:                3 442

m7M_tl.a: [4]
    DblAdd.o                212
    DblCmpGe.o               46
    DblCmpLe.o               46
    DblDiv.o                582
    DblMul.o                418
    DblSub.o                384
    DblToI32.o               88
    I32ToDbl.o               48
    xdnorm.o                 68
    xdscale.o               282
    ------------------------------------------------------
    Total:                2 174

rt7M_tl.a: [5]
    ABImemcpy.o             118
    I64DivMod.o             238
    I64DivZer.o               2
    bwt_init3c.o
    cexit.o                  10
    cmain.o                  22
    cstartup_M.o             12
    data_init3.o             44
    memchr.o                 88
    strchr.o                 22
    strlen.o                 54
    zero_init3.o             34
    ------------------------------------------------------
    Total:                  644

shb_l.a: [6]
    exit.o                   20
    ------------------------------------------------------
    Total:                   20

    Gaps                     24
    Linker created                             16
----------------------------------------------------------
    Grand Total:         14 528       76    3 256   20 766


*******************************************************************************
*** ENTRY LIST
***

Entry                      Address    Size  Type      Object
-----                      -------    ----  ----      ------
.bss$$Base              0x1fff461c           --   Gb  - Linker created -
.bss$$Limit             0x1fff96e2           --   Gb  - Linker created -
.data$$Base             0x1fff4578           --   Gb  - Linker created -
.data$$Limit            0x1fff45d0           --   Gb  - Linker created -
.data_init$$Base        0x1fff3c40           --   Gb  - Linker created -
.data_init$$Limit       0x1fff3c98           --   Gb  - Linker created -
?main                   0x1fff4355          Code  Gb  cmain.o [5]
CCD_init                0x1fff2921    0xe2  Code  Gb  ccd.o [1]
CodeRelocate$$Base      0x1fff3c98           --   Gb  - Linker created -
CodeRelocate$$Limit     0x1fff3ce4           --   Gb  - Linker created -
CodeRelocateRam$$Base   0x1fff45d0           --   Gb  - Linker created -
CodeRelocateRam$$Limit  0x1fff461c           --   Gb  - Linker created -
DIPswitch_ctrl          0x1fff347f    0xd0  Code  Gb  DIPswitch.o [1]
DIPswitch_init          0x1fff340d    0x34  Code  Gb  DIPswitch.o [1]
DIPswitch_val           0x1fff3441    0x3e  Code  Gb  DIPswitch.o [1]
FTM2_IRQHandler         0x1fff3ae9    0xd6  Code  Gb  isr.o [1]
FTM_Input_init          0x1fff1f55   0x366  Code  Gb  FTM.o [1]
FTM_PWM_init            0x1fff1c3d   0x318  Code  Gb  FTM.o [1]
FTMx                    0x1fff4578     0xc  Data  Gb  FTM.o [1]
GPIOx                   0x1fff4588    0x14  Data  Gb  gpio.o [1]
GetBlackLine            0x1fff2c59   0x2a2  Code  Gb  ccd.o [1]
ImproveSingleRow        0x1fff2b5b    0xe4  Code  Gb  ccd.o [1]
LED_init                0x1fff24cd    0x34  Code  Gb  LED.o [1]
Line_Center             0x1fff9124   0x1e0  Data  Gb  global.o [1]
Line_Center_L           0x1fff9304   0x1e0  Data  Gb  global.o [1]
Line_Center_R           0x1fff94e4   0x1e0  Data  Gb  global.o [1]
OptimizeCenterLine      0x1fff2af1    0x6a  Code  Gb  ccd.o [1]
PIT0_IRQHandler         0x1fff3aa5    0x44  Code  Gb  isr.o [1]
PITcounter              0x1fff96e1     0x1  Data  Gb  isr.o [1]
PORTX                   0x1fff459c    0x14  Data  Gb  gpio.o [1]
PhotoBlackMax           0x1fff4584     0x4  Data  Gb  global.o [1]
Pic_Buffer              0x1fff4620  0x4b00  Data  Gb  global.o [1]
Region$$Table$$Base     0x1fff4230           --   Gb  - Linker created -
Region$$Table$$Limit    0x1fff4240           --   Gb  - Linker created -
Reset_Handler           0x1fff0411          Code  Gb  crt0.o [1]
ShowPhoto               0x1fff2a83    0x6e  Code  Gb  ccd.o [1]
UART0_IRQHandler        0x1fff3bc1    0x42  Code  Gb  isr.o [1]
UARTx                   0x1fff45b8    0x18  Data  Gb  uart.o [1]
WritePicBlack           0x1fff2a03    0x56  Code  Gb  ccd.o [1]
WritePicTest            0x1fff2a59    0x2a  Code  Gb  ccd.o [1]
_GenldFullNoMb          0x1fff0eb1   0x270  Code  Lc  xprintffull_nomb.o [3]
_LdtobFullNoMb          0x1fff0aa1   0x400  Code  Lc  xprintffull_nomb.o [3]
_LitobFullNoMb          0x1fff097b   0x126  Code  Lc  xprintffull_nomb.o [3]
_PrintfFullNoMb         0x1fff044d   0x52e  Code  Gb  xprintffull_nomb.o [3]
_PutcharsFullNoMb       0x1fff1121    0x2e  Code  Lc  xprintffull_nomb.o [3]
_SProut                 0x1fff11a3     0xa  Code  Gb  xsprout.o [3]
__BOOT_STACK_ADDRESS {Abs}
                        0x2000fff8           --   Gb  command line/config [2]
__VECTOR_RAM {Abs}      0x1fff0000           --   Gb  command line/config [2]
__VECTOR_TABLE {Abs}    0x1fff0000           --   Gb  command line/config [2]
__aeabi_cdcmple         0x1fff13e9          Code  Gb  DblCmpLe.o [4]
__aeabi_cdrcmple        0x1fff1419          Code  Gb  DblCmpGe.o [4]
__aeabi_d2iz            0x1fff1565          Code  Gb  DblToI32.o [4]
__aeabi_d2uiz           0x1fff1591          Code  Gb  DblToI32.o [4]
__aeabi_ddiv            0x1fff1911          Code  Gb  DblDiv.o [4]
__aeabi_dmul            0x1fff176d          Code  Gb  DblMul.o [4]
__aeabi_dsub            0x1fff15ed          Code  Gb  DblSub.o [4]
__aeabi_i2d             0x1fff15bd          Code  Gb  I32ToDbl.o [4]
__aeabi_ldiv0           0x1fff1b65          Code  Gb  I64DivZer.o [5]
__aeabi_memcpy          0x1fff132d          Code  Gb  ABImemcpy.o [5]
__aeabi_memcpy4         0x1fff134d          Code  Gb  ABImemcpy.o [5]
__aeabi_memcpy8         0x1fff134d          Code  Gb  ABImemcpy.o [5]
__aeabi_ui2d            0x1fff15d1          Code  Gb  I32ToDbl.o [4]
__aeabi_uldivmod        0x1fff123d          Code  Gb  I64DivMod.o [5]
__cmain                 0x1fff4355          Code  Gb  cmain.o [5]
__exit                  0x1fff4381    0x14  Code  Gb  exit.o [6]
__iar_Dnorm             0x1fff13a3    0x44  Code  Gb  xdnorm.o [4]
__iar_Dscale            0x1fff1449   0x106  Code  Gb  xdscale.o [4]
__iar_Memchr            0x1fff11e5          Code  Gb  memchr.o [5]
__iar_SB                0x1fff4578          Data  Gb  bwt_init3c.o [5]
__iar_Strchr            0x1fff118d          Code  Gb  strchr.o [5]
__iar_d2uiz             0x1fff159d          Code  Gb  DblToI32.o [4]
__iar_dadd              0x1fff1b69          Code  Gb  DblAdd.o [4]
__iar_data_init3        0x1fff4205    0x2c  Code  Gb  data_init3.o [5]
__iar_default_requirements$$_Printf<unknown>vsprintf {Abs}
                        0x00000000           --   Gb  vsprintf.o [3]
__iar_dsub              0x1fff1601          Code  Gb  DblSub.o [4]
__iar_dsubStart         0x1fff1613          Code  Gb  DblSub.o [4]
__iar_program_start     0x1fff456d          Code  Gb  cstartup_M.o [5]
__iar_provide$$_Printf<flags,floats,hex_floats,int_specials,long_longs,n_formatters,qualifiers,widths>_PrintfFullNoMb {Abs}
                        0x00000000           --   Gb  xprintffull_nomb.o [3]
__iar_ui2d              0x1fff15d5          Code  Gb  I32ToDbl.o [4]
__iar_zero_init3        0x1fff116b    0x22  Code  Gb  zero_init3.o [5]
__low_level_init        0x1fff436b     0x4  Code  Gb  low_level_init.o [3]
__vector_table          0x1fff0000   0x410  Data  Gb  vectors.o [1]
_call_main              0x1fff4361          Code  Gb  cmain.o [5]
_exit                   0x1fff4375          Code  Gb  cexit.o [5]
_main                   0x1fff4367          Code  Gb  cmain.o [5]
abs                     0x1fff379d     0x8  Code  Gb  abs.o [3]
assert_failed           0x1fff230d    0x76  Code  Gb  assert.o [1]
assert_failed_rst       0x1fff2383    0x7c  Code  Gb  assert.o [1]
bus_clk_khz             0x1fff96dc     0x4  Data  Gb  sysinit.o [1]
common_startup          0x1fff39ad    0x9c  Code  Gb  startup.o [1]
core_clk_khz            0x1fff96d4     0x4  Data  Gb  sysinit.o [1]
core_clk_mhz            0x1fff96d8     0x4  Data  Gb  sysinit.o [1]
default_isr             0x1fff433d    0x18  Code  Gb  vectors.o [1]
delayms                 0x1fff28b1    0x1a  Code  Gb  fun.o [1]
div                     0x1fff1b57     0xe  Code  Gb  div.o [3]
enable_irq              0x1fff241b    0x92  Code  Gb  arm_cm4.o [1]
exit                    0x1fff436f     0x4  Code  Gb  exit.o [3]
get_mid                 0x1fff28d1    0x24  Code  Gb  fun.o [1]
gpio_init               0x1fff27ed    0xb8  Code  Gb  gpio.o [1]
led                     0x1fff2501    0x20  Code  Gb  LED.o [1]
lptmr_counter_clean     0x1fff3733    0x1a  Code  Gb  lptmr.o [1]
lptmr_counter_init      0x1fff36b5    0x7e  Code  Gb  lptmr.o [1]
main                    0x1fff3205   0x208  Code  Gb  main.o [1]
mcg_div                 0x1fff45b0     0x8  Data  Gb  mcg.o [1]
memchr                  0x1fff11e5          Code  Gb  memchr.o [5]
motorCtrl               0x1fff363d     0x2  Code  Gb  motor.o [1]
motor_init              0x1fff35bd    0x6e  Code  Gb  motor.o [1]
photeCompleteFlag       0x1fff9120     0x4  Data  Gb  global.o [1]
picLineSum              0x1fff96d0     0x4  Data  Gb  isr.o [1]
pit_init                0x1fff3641    0x62  Code  Gb  PIT.o [1]
pll_init                0x1fff2f19   0x2ec  Code  Gb  mcg.o [1]
set_sys_dividers        0x1fff45d1    0x4c  Code  Gb  mcg.o [1]
showChoice              0x1fff96e0     0x1  Data  Gb  global.o [1]
start                   0x1fff37a5   0x160  Code  Gb  start.o [1]
steer_init              0x1fff359d    0x20  Code  Gb  steer.o [1]
strchr                  0x1fff118d          Code  Gb  strchr.o [5]
strlen                  0x1fff11ad          Code  Gb  strlen.o [5]
sysinit                 0x1fff3a49    0x48  Code  Gb  sysinit.o [1]
time_delay_ms           0x1fff374d    0x38  Code  Gb  lptmr.o [1]
tmpline                 0x1fff96c4     0x4  Data  Gb  isr.o [1]
tmpnum                  0x1fff96cc     0x4  Data  Gb  isr.o [1]
tmprow                  0x1fff96c8     0x4  Data  Gb  isr.o [1]
trueSpeed               0x1fff461c     0x4  Data  Gb  global.o [1]
uart0Printf             0x1fff2791    0x1e  Code  Gb  uart.o [1]
uartPrintf              0x1fff2773    0x1e  Code  Gb  uart.o [1]
uartRecvChar            0x1fff26ff    0x1a  Code  Gb  uart.o [1]
uartSendCh              0x1fff2733    0x24  Code  Gb  uart.o [1]
uartSendChar            0x1fff2719    0x1a  Code  Gb  uart.o [1]
uartSendString          0x1fff2757    0x1c  Code  Gb  uart.o [1]
uart_init               0x1fff2581   0x17e  Code  Gb  uart.o [1]
vsprintf                0x1fff28f5    0x2c  Code  Gb  vsprintf.o [3]
water_lights            0x1fff2525    0x5a  Code  Gb  LED.o [1]
wdog_disable            0x1fff3975    0x16  Code  Gb  wdog.o [1]
wdog_unlock             0x1fff398d    0x16  Code  Gb  wdog.o [1]
write_vtor              0x1fff2415     0x6  Code  Gb  arm_cm4.o [1]


[1] = D:\workspace\myworkspace\SW_K60\build\SX_demo\RAM\Obj
[2] = command line
[3] = dl7M_tln.a
[4] = m7M_tl.a
[5] = rt7M_tl.a
[6] = shb_l.a

  14 528 bytes of readonly  code memory
      76 bytes of readwrite code memory
   3 256 bytes of readonly  data memory
  20 766 bytes of readwrite data memory

Errors: none
Warnings: none
